com/github/lo54_project/app/entity/IEntity.class
com/github/lo54_project/app/entity/Client.class
com/github/lo54_project/app/entity/CourseSession.class
com/github/lo54_project/app/repository/LocationDao.class
com/github/lo54_project/app/util/Log.class
com/github/lo54_project/app/repository/CourseDao.class
com/github/lo54_project/app/servlet/RegistrationServlet.class
com/github/lo54_project/app/util/HibernateUtil.class
com/github/lo54_project/app/service/CourseService.class
com/github/lo54_project/app/servlet/RegistrationSuccessServlet.class
com/github/lo54_project/app/repository/publisherdao/IPublisherDao.class
com/github/lo54_project/app/service/CourseSessionService.class
com/github/lo54_project/app/service/ClientService.class
com/github/lo54_project/app/entity/Location.class
com/github/lo54_project/app/servlet/RegistrationFailureServlet.class
com/github/lo54_project/app/service/PublisherService.class
com/github/lo54_project/app/repository/publisherdao/JmsDao.class
com/github/lo54_project/app/repository/ClientDao.class
com/github/lo54_project/app/service/exceptions/PublisherServiceException.class
com/github/lo54_project/app/repository/publisherdao/exceptions/PublisherDaoException.class
com/github/lo54_project/app/repository/IRepoDao.class
com/github/lo54_project/app/entity/Course.class
com/github/lo54_project/app/repository/CourseSessionDao.class
com/github/lo54_project/app/service/MainClass.class
