/home/qsm/Documents/LO54/Projet/LO54-JEE-MiniProjet/app/src/main/java/com/github/lo54_project/app/service/exceptions/PublisherServiceException.java
/home/qsm/Documents/LO54/Projet/LO54-JEE-MiniProjet/app/src/main/java/com/github/lo54_project/app/repository/LocationDao.java
/home/qsm/Documents/LO54/Projet/LO54-JEE-MiniProjet/app/src/main/java/com/github/lo54_project/app/repository/publisherdao/JmsDao.java
/home/qsm/Documents/LO54/Projet/LO54-JEE-MiniProjet/app/src/main/java/com/github/lo54_project/app/entity/Location.java
/home/qsm/Documents/LO54/Projet/LO54-JEE-MiniProjet/app/src/main/java/com/github/lo54_project/app/service/ClientService.java
/home/qsm/Documents/LO54/Projet/LO54-JEE-MiniProjet/app/src/main/java/com/github/lo54_project/app/repository/IRepoDao.java
/home/qsm/Documents/LO54/Projet/LO54-JEE-MiniProjet/app/src/main/java/com/github/lo54_project/app/repository/CourseSessionDao.java
/home/qsm/Documents/LO54/Projet/LO54-JEE-MiniProjet/app/src/main/java/com/github/lo54_project/app/entity/CourseSession.java
/home/qsm/Documents/LO54/Projet/LO54-JEE-MiniProjet/app/src/main/java/com/github/lo54_project/app/servlet/RegistrationServlet.java
/home/qsm/Documents/LO54/Projet/LO54-JEE-MiniProjet/app/src/main/java/com/github/lo54_project/app/entity/Client.java
/home/qsm/Documents/LO54/Projet/LO54-JEE-MiniProjet/app/src/main/java/com/github/lo54_project/app/util/HibernateUtil.java
/home/qsm/Documents/LO54/Projet/LO54-JEE-MiniProjet/app/src/main/java/com/github/lo54_project/app/servlet/RegistrationSuccessServlet.java
/home/qsm/Documents/LO54/Projet/LO54-JEE-MiniProjet/app/src/main/java/com/github/lo54_project/app/repository/ClientDao.java
/home/qsm/Documents/LO54/Projet/LO54-JEE-MiniProjet/app/src/main/java/com/github/lo54_project/app/service/MainClass.java
/home/qsm/Documents/LO54/Projet/LO54-JEE-MiniProjet/app/src/main/java/com/github/lo54_project/app/servlet/RegistrationFailureServlet.java
/home/qsm/Documents/LO54/Projet/LO54-JEE-MiniProjet/app/src/main/java/com/github/lo54_project/app/service/CourseService.java
/home/qsm/Documents/LO54/Projet/LO54-JEE-MiniProjet/app/src/main/java/com/github/lo54_project/app/service/PublisherService.java
/home/qsm/Documents/LO54/Projet/LO54-JEE-MiniProjet/app/src/main/java/com/github/lo54_project/app/repository/publisherdao/exceptions/PublisherDaoException.java
/home/qsm/Documents/LO54/Projet/LO54-JEE-MiniProjet/app/src/main/java/com/github/lo54_project/app/repository/publisherdao/IPublisherDao.java
/home/qsm/Documents/LO54/Projet/LO54-JEE-MiniProjet/app/src/main/java/com/github/lo54_project/app/util/Log.java
/home/qsm/Documents/LO54/Projet/LO54-JEE-MiniProjet/app/src/main/java/com/github/lo54_project/app/entity/IEntity.java
/home/qsm/Documents/LO54/Projet/LO54-JEE-MiniProjet/app/src/main/java/com/github/lo54_project/app/entity/Course.java
/home/qsm/Documents/LO54/Projet/LO54-JEE-MiniProjet/app/src/main/java/com/github/lo54_project/app/service/CourseSessionService.java
/home/qsm/Documents/LO54/Projet/LO54-JEE-MiniProjet/app/src/main/java/com/github/lo54_project/app/repository/CourseDao.java
